// Jest Snapshot v1, https://goo.gl/fbAQLP

exports[`snapshot 1`] = `
"<li class=\\"item\\"><div class=\\"title\\">
        TITLE
    </div> <div class=\\"author\\">
        AUTHOR
    </div> <div class=\\"posted-at\\">
        POSTED AT
    </div> <div class=\\"updated-at\\">
        UPDATED AT
    </div></li>"
`;
